Copyright 1986-2017 Xilinx, Inc. All Rights Reserved.
------------------------------------------------------------------------------------
| Tool Version : Vivado v.2017.3 (win64) Build 2018833 Wed Oct  4 19:58:22 MDT 2017
| Date         : Sat Jan  9 02:34:53 2021
| Host         : XINGYF14 running 64-bit major release  (build 9200)
| Command      : report_control_sets -file Kyber_Server_control_sets_placed.rpt
| Design       : Kyber_Server
| Device       : xc7a12t
------------------------------------------------------------------------------------

Control Set Information

Table of Contents
-----------------
1. Summary
2. Flip-Flop Distribution

1. Summary
----------

+-------------------------------+-------+
|             Status            | Count |
+-------------------------------+-------+
| Number of unique control sets |    86 |
+-------------------------------+-------+


2. Flip-Flop Distribution
-------------------------

+--------------+-----------------------+------------------------+-----------------+--------------+
| Clock Enable | Synchronous Set/Reset | Asynchronous Set/Reset | Total Registers | Total Slices |
+--------------+-----------------------+------------------------+-----------------+--------------+
| No           | No                    | No                     |            1210 |          383 |
| No           | No                    | Yes                    |               1 |            1 |
| No           | Yes                   | No                     |              97 |           50 |
| Yes          | No                    | No                     |             708 |          160 |
| Yes          | No                    | Yes                    |               0 |            0 |
| Yes          | Yes                   | No                     |            2628 |          862 |
+--------------+-----------------------+------------------------+-----------------+--------------+


