Copyright 1986-2017 Xilinx, Inc. All Rights Reserved.
------------------------------------------------------------------------------------
| Tool Version : Vivado v.2017.3 (win64) Build 2018833 Wed Oct  4 19:58:22 MDT 2017
| Date         : Sun Jan 10 01:43:05 2021
| Host         : XINGYF14 running 64-bit major release  (build 9200)
| Command      : report_control_sets -file Kyber_Client_control_sets_placed.rpt
| Design       : Kyber_Client
| Device       : xc7a12t
------------------------------------------------------------------------------------

Control Set Information

Table of Contents
-----------------
1. Summary
2. Flip-Flop Distribution

1. Summary
----------

+-------------------------------+-------+
|             Status            | Count |
+-------------------------------+-------+
| Number of unique control sets |    78 |
+-------------------------------+-------+


2. Flip-Flop Distribution
-------------------------

+--------------+-----------------------+------------------------+-----------------+--------------+
| Clock Enable | Synchronous Set/Reset | Asynchronous Set/Reset | Total Registers | Total Slices |
+--------------+-----------------------+------------------------+-----------------+--------------+
| No           | No                    | No                     |            1110 |          352 |
| No           | No                    | Yes                    |               1 |            1 |
| No           | Yes                   | No                     |              62 |           34 |
| Yes          | No                    | No                     |             664 |          192 |
| Yes          | No                    | Yes                    |               0 |            0 |
| Yes          | Yes                   | No                     |            2144 |          758 |
+--------------+-----------------------+------------------------+-----------------+--------------+


